---
source: src/main.rs
expression: board.to_string()
---
|          |
|          |
|          |
|          |
|          |
|          |
|          |
|          |
|          |
|          |
|          |
|          |
|          |
|          |
|          |
|          |
|          |
| #        |
|##        |
|#         |
____________
